// Jest Snapshot v1, https://goo.gl/fbAQLP

exports[`Home screen should render correctly student home renders correctly 1`] = `
<RCTScrollView
  style={
    [
      {
        "paddingBottom": 8,
        "paddingTop": 8,
      },
      {
        "paddingLeft": 16,
        "paddingRight": 16,
      },
      {
        "width": "100%",
      },
      {
        "marginTop": 8,
      },
    ]
  }
>
  <View />
</RCTScrollView>
`;
