// Jest Snapshot v1, https://goo.gl/fbAQLP

exports[`NotificationCard component should render correctly renders correctly 1`] = `
<View
  style={
    [
      {
        "flexDirection": "column",
      },
      {
        "height": 112,
      },
      {
        "paddingLeft": 16,
        "paddingRight": 16,
      },
      {
        "paddingBottom": 8,
        "paddingTop": 8,
      },
      {
        "borderBottomLeftRadius": 4,
        "borderBottomRightRadius": 4,
        "borderTopLeftRadius": 4,
        "borderTopRightRadius": 4,
      },
      {
        "marginBottom": 24,
      },
      {
        "backgroundColor": "#fff",
      },
      {
        "shadowColor": "rgba(0, 0, 0, 0.1)",
        "shadowOffset": {
          "height": 6,
          "width": 0,
        },
        "shadowOpacity": 1,
        "shadowRadius": 10,
      },
      {
        "shadowColor": "#000",
      },
    ]
  }
>
  <Text
    style={
      [
        {
          "fontSize": 20,
          "lineHeight": 28,
        },
        {
          "marginBottom": 8,
        },
      ]
    }
  >
    Card 1
  </Text>
  <Text
    numberOfLines={3}
    style={
      [
        {
          "marginBottom": 4,
        },
        {
          "textAlign": "justify",
        },
      ]
    }
  >
    Notification content
  </Text>
</View>
`;
